Archive member included to satisfy reference by file (symbol)

c:/cygwin/bin/../lib/gcc/arm-none-eabi/5.4.1/../../../../arm-none-eabi/lib/armv7-m\libg.a(lib_a-memset.o)
                              C:\cygwin\tmp\ccod265M.ltrans1.ltrans.o (memset)

Discarded input sections

 .data          0x00000000        0x0 build/obj/crt0_v7m.o
 .bss           0x00000000        0x0 build/obj/crt0_v7m.o
 .data          0x00000000        0x0 build/obj/chcoreasm_v7m.o
 .bss           0x00000000        0x0 build/obj/chcoreasm_v7m.o
 .text          0x00000000        0x0 build/obj/crt1.o (symbol from plugin)
 .text          0x00000000        0x0 C:\cygwin\tmp\ccod265M.ltrans0.ltrans.o
 .data          0x00000000        0x0 C:\cygwin\tmp\ccod265M.ltrans0.ltrans.o
 .bss           0x00000000        0x0 C:\cygwin\tmp\ccod265M.ltrans0.ltrans.o
 .text          0x00000000        0x0 C:\cygwin\tmp\ccod265M.ltrans1.ltrans.o
 .data          0x00000000        0x0 C:\cygwin\tmp\ccod265M.ltrans1.ltrans.o
 .bss           0x00000000        0x0 C:\cygwin\tmp\ccod265M.ltrans1.ltrans.o
 .text          0x00000000        0x0 C:\cygwin\tmp\ccod265M.ltrans2.ltrans.o
 .data          0x00000000        0x0 C:\cygwin\tmp\ccod265M.ltrans2.ltrans.o
 .bss           0x00000000        0x0 C:\cygwin\tmp\ccod265M.ltrans2.ltrans.o
 .text          0x00000000        0x0 C:\cygwin\tmp\ccod265M.ltrans3.ltrans.o
 .data          0x00000000        0x0 C:\cygwin\tmp\ccod265M.ltrans3.ltrans.o
 .bss           0x00000000        0x0 C:\cygwin\tmp\ccod265M.ltrans3.ltrans.o
 .text          0x00000000        0x0 build/obj/vectors.o (symbol from plugin)
 .text          0x00000000        0x0 build/obj/chsys.o (symbol from plugin)
 .text          0x00000000        0x0 build/obj/chdebug.o (symbol from plugin)
 .text          0x00000000        0x0 build/obj/chtrace.o (symbol from plugin)
 .text          0x00000000        0x0 build/obj/chvt.o (symbol from plugin)
 .text          0x00000000        0x0 build/obj/chschd.o (symbol from plugin)
 .text          0x00000000        0x0 build/obj/chthreads.o (symbol from plugin)
 .text          0x00000000        0x0 build/obj/chregistry.o (symbol from plugin)
 .text          0x00000000        0x0 build/obj/chsem.o (symbol from plugin)
 .text          0x00000000        0x0 build/obj/chmtx.o (symbol from plugin)
 .text          0x00000000        0x0 build/obj/chcond.o (symbol from plugin)
 .text          0x00000000        0x0 build/obj/chevents.o (symbol from plugin)
 .text          0x00000000        0x0 build/obj/chmsg.o (symbol from plugin)
 .text          0x00000000        0x0 build/obj/chdynamic.o (symbol from plugin)
 .text          0x00000000        0x0 build/obj/chmboxes.o (symbol from plugin)
 .text          0x00000000        0x0 build/obj/chmemcore.o (symbol from plugin)
 .text          0x00000000        0x0 build/obj/chheap.o (symbol from plugin)
 .text          0x00000000        0x0 build/obj/chmempools.o (symbol from plugin)
 .text          0x00000000        0x0 build/obj/chcore.o (symbol from plugin)
 .text          0x00000000        0x0 build/obj/chcore_v7m.o (symbol from plugin)
 .text          0x00000000        0x0 build/obj/osal.o (symbol from plugin)
 .text          0x00000000        0x0 build/obj/hal.o (symbol from plugin)
 .text          0x00000000        0x0 build/obj/hal_st.o (symbol from plugin)
 .text          0x00000000        0x0 build/obj/hal_buffers.o (symbol from plugin)
 .text          0x00000000        0x0 build/obj/hal_queues.o (symbol from plugin)
 .text          0x00000000        0x0 build/obj/hal_mmcsd.o (symbol from plugin)
 .text          0x00000000        0x0 build/obj/hal_i2c.o (symbol from plugin)
 .text          0x00000000        0x0 build/obj/hal_pal.o (symbol from plugin)
 .text          0x00000000        0x0 build/obj/nvic.o (symbol from plugin)
 .text          0x00000000        0x0 build/obj/hal_lld.o (symbol from plugin)
 .text          0x00000000        0x0 build/obj/stm32_dma.o (symbol from plugin)
 .text          0x00000000        0x0 build/obj/hal_st_lld.o (symbol from plugin)
 .text          0x00000000        0x0 build/obj/hal_pal_lld.o (symbol from plugin)
 .text          0x00000000        0x0 build/obj/hal_i2c_lld.o (symbol from plugin)
 .text          0x00000000        0x0 build/obj/board.o (symbol from plugin)
 .text          0x00000000        0x0 build/obj/gfx.o (symbol from plugin)
 .text          0x00000000        0x0 build/obj/gos_chibios.o (symbol from plugin)
 .text          0x00000000        0x0 build/obj/gos_freertos.o (symbol from plugin)
 .text          0x00000000        0x0 build/obj/gos_win32.o (symbol from plugin)
 .text          0x00000000        0x0 build/obj/gos_linux.o (symbol from plugin)
 .text          0x00000000        0x0 build/obj/gos_osx.o (symbol from plugin)
 .text          0x00000000        0x0 build/obj/gos_raw32.o (symbol from plugin)
 .text          0x00000000        0x0 build/obj/gos_ecos.o (symbol from plugin)
[...]
Memory Configuration

Name             Origin             Length             Attributes
flash0           0x08000000         0x00020000
flash1           0x00000000         0x00000000
flash2           0x00000000         0x00000000
flash3           0x00000000         0x00000000
flash4           0x00000000         0x00000000
flash5           0x00000000         0x00000000
flash6           0x00000000         0x00000000
flash7           0x00000000         0x00000000
ram0             0x20000000         0x00005000
ram1             0x00000000         0x00000000
ram2             0x00000000         0x00000000
ram3             0x00000000         0x00000000
ram4             0x00000000         0x00000000
ram5             0x00000000         0x00000000
ram6             0x00000000         0x00000000
ram7             0x00000000         0x00000000
*default*        0x00000000         0xffffffff

Linker script and memory map

LOAD build/obj/crt0_v7m.o
LOAD build/obj/chcoreasm_v7m.o
LOAD build/obj/crt1.o
LOAD C:\cygwin\tmp\ccod265M.ltrans0.ltrans.o
LOAD C:\cygwin\tmp\ccod265M.ltrans1.ltrans.o
LOAD C:\cygwin\tmp\ccod265M.ltrans2.ltrans.o
LOAD C:\cygwin\tmp\ccod265M.ltrans3.ltrans.o
LOAD build/obj/vectors.o
LOAD build/obj/chsys.o
LOAD build/obj/chdebug.o
LOAD build/obj/chtrace.o
LOAD build/obj/chvt.o
LOAD build/obj/chschd.o
LOAD build/obj/chthreads.o
LOAD build/obj/chregistry.o
LOAD build/obj/chsem.o
LOAD build/obj/chmtx.o
LOAD build/obj/chcond.o
LOAD build/obj/chevents.o
LOAD build/obj/chmsg.o
LOAD build/obj/chdynamic.o
LOAD build/obj/chmboxes.o
LOAD build/obj/chmemcore.o
LOAD build/obj/chheap.o
LOAD build/obj/chmempools.o
LOAD build/obj/chcore.o
LOAD build/obj/chcore_v7m.o
LOAD build/obj/osal.o
LOAD build/obj/hal.o
LOAD build/obj/hal_st.o
LOAD build/obj/hal_buffers.o
LOAD build/obj/hal_queues.o
LOAD build/obj/hal_mmcsd.o
LOAD build/obj/hal_i2c.o
LOAD build/obj/hal_pal.o
LOAD build/obj/nvic.o
LOAD build/obj/hal_lld.o
LOAD build/obj/stm32_dma.o
LOAD build/obj/hal_st_lld.o
LOAD build/obj/hal_pal_lld.o
LOAD build/obj/hal_i2c_lld.o
LOAD build/obj/board.o
LOAD build/obj/gfx.o
LOAD build/obj/gos_chibios.o
LOAD build/obj/gos_freertos.o
LOAD build/obj/gos_win32.o
LOAD build/obj/gos_linux.o
LOAD build/obj/gos_osx.o
LOAD build/obj/gos_raw32.o
LOAD build/obj/gos_ecos.o
LOAD build/obj/gos_rawrtos.o
LOAD build/obj/gos_arduino.o
LOAD build/obj/gos_cmsis.o
LOAD build/obj/gos_nios.o
LOAD build/obj/gos_x_threads.o
LOAD build/obj/gos_x_heap.o
LOAD build/obj/gdriver.o
LOAD build/obj/gqueue.o
LOAD build/obj/gdisp.o
LOAD build/obj/gdisp_fonts.o
LOAD build/obj/gdisp_pixmap.o
LOAD build/obj/gdisp_image.o
LOAD build/obj/gdisp_image_native.o
LOAD build/obj/gdisp_image_gif.o
LOAD build/obj/gdisp_image_bmp.o
LOAD build/obj/gdisp_image_jpg.o
LOAD build/obj/gdisp_image_png.o
LOAD build/obj/mf_encoding.o
LOAD build/obj/mf_font.o
LOAD build/obj/mf_justify.o
LOAD build/obj/mf_kerning.o
LOAD build/obj/mf_rlefont.o
LOAD build/obj/mf_bwfont.o
LOAD build/obj/mf_scaledfont.o
LOAD build/obj/mf_wordwrap.o
LOAD build/obj/gevent.o
LOAD build/obj/gtimer.o
LOAD build/obj/gwin.o
LOAD build/obj/gwin_widget.o
LOAD build/obj/gwin_wm.o
LOAD build/obj/gwin_console.o
LOAD build/obj/gwin_graph.o
LOAD build/obj/gwin_button.o
LOAD build/obj/gwin_slider.o
LOAD build/obj/gwin_checkbox.o
LOAD build/obj/gwin_image.o
LOAD build/obj/gwin_label.o
LOAD build/obj/gwin_radio.o
LOAD build/obj/gwin_list.o
LOAD build/obj/gwin_progressbar.o
LOAD build/obj/gwin_container.o
LOAD build/obj/gwin_frame.o
LOAD build/obj/gwin_tabset.o
LOAD build/obj/gwin_gl3d.o
LOAD build/obj/gwin_keyboard.o
LOAD build/obj/gwin_keyboard_layout.o
LOAD build/obj/gwin_textedit.o
LOAD build/obj/ginput.o
LOAD build/obj/ginput_mouse.o
LOAD build/obj/ginput_keyboard.o
LOAD build/obj/ginput_keyboard_microcode.o
LOAD build/obj/ginput_toggle.o
LOAD build/obj/ginput_dial.o
LOAD build/obj/gadc.o
LOAD build/obj/gaudio.o
LOAD build/obj/gmisc.o
LOAD build/obj/gmisc_arrayops.o
LOAD build/obj/gmisc_matrix2d.o
LOAD build/obj/gmisc_trig.o
LOAD build/obj/gmisc_hittest.o
LOAD build/obj/gfile.o
LOAD build/obj/gfile_fs_native.o
LOAD build/obj/gfile_fs_ram.o
LOAD build/obj/gfile_fs_rom.o
LOAD build/obj/gfile_fs_fatfs.o
LOAD build/obj/gfile_fs_petitfs.o
LOAD build/obj/gfile_fs_mem.o
LOAD build/obj/gfile_fs_chibios.o
LOAD build/obj/gfile_fs_strings.o
LOAD build/obj/gfile_printg.o
LOAD build/obj/gfile_scang.o
LOAD build/obj/gfile_stdio.o
LOAD build/obj/gfile_fatfs_wrapper.o
LOAD build/obj/gfile_fatfs_diskio_chibios.o
LOAD build/obj/gfile_petitfs_wrapper.o
LOAD build/obj/gfile_petitfs_diskio_chibios.o
LOAD build/obj/gtrans.o
LOAD build/obj/gdisp_lld_UC1601s.o
LOAD build/obj/main.o
LOAD build/obj/menu.o

.mstack         0x20000000      0x400
                0x20000000                . = ALIGN (0x8)
                0x20000000                __main_stack_base__ = .
                0x20000400                . = (. + __main_stack_size__)
 *fill*         0x20000000      0x400 
                0x20000400                . = ALIGN (0x8)
                0x20000400                __main_stack_end__ = .

.pstack         0x20000400      0x400
                0x20000400                __process_stack_base__ = .
                0x20000400                __main_thread_stack_base__ = .
                0x20000800                . = (. + __process_stack_size__)
 *fill*         0x20000400      0x400 
                0x20000800                . = ALIGN (0x8)
                0x20000800                __process_stack_end__ = .
                0x20000800                __main_thread_stack_end__ = .

vectors         0x08000000      0x160
 *(.vectors)
 .vectors       0x08000000      0x160 C:\cygwin\tmp\ccod265M.ltrans0.ltrans.o
                0x08000000                _vectors

xtors           0x08000160        0x0
                0x08000160                __init_array_start = .
 *(SORT(.init_array.*))
 *(.init_array)
                0x08000160                __init_array_end = .
                0x08000160                __fini_array_start = .
 *(.fini_array)
 *(SORT(.fini_array.*))
                0x08000160                __fini_array_end = .

.text           0x08000160     0x26ec
 *(.text)
 .text          0x08000160       0xd4 build/obj/crt0_v7m.o
                0x08000160                Reset_Handler
 *fill*         0x08000234        0xc 
 .text          0x08000240       0x28 build/obj/chcoreasm_v7m.o
                0x08000240                _port_switch
                0x08000250                _port_thread_start
                0x08000260                _port_switch_from_isr
                0x08000264                _port_exit_from_isr
 *(.text.*)
 *fill*         0x08000268        0x8 
 .text.write_pixels
                0x08000270       0x68 C:\cygwin\tmp\ccod265M.ltrans0.ltrans.o
 *fill*         0x080002d8        0x8 
 .text.write_ref_codeword
                0x080002e0      0x190 C:\cygwin\tmp\ccod265M.ltrans0.ltrans.o
 .text.mf_rlefont_render_character
                0x08000470       0xe4 C:\cygwin\tmp\ccod265M.ltrans0.ltrans.o
                0x08000470                mf_rlefont_render_character
 *fill*         0x08000554        0xc 
 .text.fillcharglyph.lto_priv.36
                0x08000560       0x44 C:\cygwin\tmp\ccod265M.ltrans0.ltrans.o
                0x08000560                fillcharglyph.lto_priv.36
 *fill*         0x080005a4        0xc 
 .text._gdispDeInitDriver
                0x080005b0       0x24 C:\cygwin\tmp\ccod265M.ltrans0.ltrans.o
                0x080005b0                _gdispDeInitDriver
 *fill*         0x080005d4        0xc 
 .text.i2c_lld_serve_tx_end_irq.lto_priv.35
                0x080005e0       0x3c C:\cygwin\tmp\ccod265M.ltrans0.ltrans.o
                0x080005e0                i2c_lld_serve_tx_end_irq.lto_priv.35
 *fill*         0x0800061c        0x4 
 .text.drawcharline
                0x08000620       0x88 C:\cygwin\tmp\ccod265M.ltrans0.ltrans.o
 *fill*         0x080006a8        0x8 
 .text._gdispPostInitDriver
                0x080006b0       0x38 C:\cygwin\tmp\ccod265M.ltrans0.ltrans.o
                0x080006b0                _gdispPostInitDriver
 *fill*         0x080006e8        0x8 
 .text._gdispInitDriver
                0x080006f0       0x14 C:\cygwin\tmp\ccod265M.ltrans0.ltrans.o
                0x080006f0                _gdispInitDriver
 *fill*         0x08000704        0xc 
 .text.VectorB0
                0x08000710       0xa0 C:\cygwin\tmp\ccod265M.ltrans0.ltrans.o
 .text.Vector84
                0x080007b0       0x30 C:\cygwin\tmp\ccod265M.ltrans0.ltrans.o
 .text.Vector80
                0x080007e0       0x30 C:\cygwin\tmp\ccod265M.ltrans0.ltrans.o
 .text.Vector7C
                0x08000810       0x30 C:\cygwin\tmp\ccod265M.ltrans0.ltrans.o
 .text.Vector78
                0x08000840       0x30 C:\cygwin\tmp\ccod265M.ltrans0.ltrans.o
 .text.Vector74
                0x08000870       0x30 C:\cygwin\tmp\ccod265M.ltrans0.ltrans.o
 .text.Vector70
                0x080008a0       0x30 C:\cygwin\tmp\ccod265M.ltrans0.ltrans.o
 .text.Vector6C
                0x080008d0       0x28 C:\cygwin\tmp\ccod265M.ltrans0.ltrans.o
 *fill*         0x080008f8        0x8 
 .text.i2c_lld_serve_event_interrupt
                0x08000900      0x100 C:\cygwin\tmp\ccod265M.ltrans0.ltrans.o
 .text.VectorC4
                0x08000a00       0x14 C:\cygwin\tmp\ccod265M.ltrans0.ltrans.o
 *fill*         0x08000a14        0xc 
 .text.VectorBC
                0x08000a20       0x14 C:\cygwin\tmp\ccod265M.ltrans0.ltrans.o
 *fill*         0x08000a34        0xc 
 .text.i2c_lld_serve_error_interrupt
                0x08000a40       0xc0 C:\cygwin\tmp\ccod265M.ltrans0.ltrans.o
 .text.VectorC8
                0x08000b00       0x24 C:\cygwin\tmp\ccod265M.ltrans0.ltrans.o
 *fill*         0x08000b24        0xc 
 .text.VectorC0
                0x08000b30       0x24 C:\cygwin\tmp\ccod265M.ltrans0.ltrans.o
 *fill*         0x08000b54        0xc 
 .text.i2c_lld_serve_rx_end_irq.lto_priv.34
                0x08000b60       0x68 C:\cygwin\tmp\ccod265M.ltrans0.ltrans.o
                0x08000b60                i2c_lld_serve_rx_end_irq.lto_priv.34
 *fill*         0x08000bc8        0x8 
 .text.mf_character_width
                0x08000bd0       0x18 C:\cygwin\tmp\ccod265M.ltrans0.ltrans.o
                0x08000bd0                mf_character_width
 *fill*         0x08000be8        0x8 
 .text.mf_round_to_tab.lto_priv.37
                0x08000bf0       0x38 C:\cygwin\tmp\ccod265M.ltrans0.ltrans.o
                0x08000bf0                mf_round_to_tab.lto_priv.37
 *fill*         0x08000c28        0x8 
 .text.mf_getchar
                0x08000c30       0xa8 C:\cygwin\tmp\ccod265M.ltrans0.ltrans.o
                0x08000c30                mf_getchar
 *fill*         0x08000cd8        0x8 
 .text.matchfont.lto_priv.38
                0x08000ce0       0x48 C:\cygwin\tmp\ccod265M.ltrans0.ltrans.o
                0x08000ce0                matchfont.lto_priv.38
 *fill*         0x08000d28        0x8 
 .text.__early_init
                0x08000d30       0x88 C:\cygwin\tmp\ccod265M.ltrans0.ltrans.o
                0x08000d30                __early_init
 *fill*         0x08000db8        0x8 
 .text.i2c_lld_init
                0x08000dc0       0x64 C:\cygwin\tmp\ccod265M.ltrans0.ltrans.o
                0x08000dc0                i2c_lld_init
 *fill*         0x08000e24        0xc 
 .text.dmaStreamRelease
                0x08000e30       0x6c C:\cygwin\tmp\ccod265M.ltrans0.ltrans.o
                0x08000e30                dmaStreamRelease
 *fill*         0x08000e9c        0x4 
 .text.gdisp_lld_fill_area
                0x08000ea0        0xc C:\cygwin\tmp\ccod265M.ltrans1.ltrans.o
                0x08000ea0                gdisp_lld_fill_area
 *fill*         0x08000eac        0x4 
 .text.gdisp_lld_get_pixel_color
                0x08000eb0       0x60 C:\cygwin\tmp\ccod265M.ltrans1.ltrans.o
 .text.gdisp_lld_draw_pixel
                0x08000f10       0xa4 C:\cygwin\tmp\ccod265M.ltrans1.ltrans.o
                0x08000f10                gdisp_lld_draw_pixel
 *fill*         0x08000fb4        0xc 
 .text.mf_rlefont_character_width
                0x08000fc0       0x44 C:\cygwin\tmp\ccod265M.ltrans1.ltrans.o
                0x08000fc0                mf_rlefont_character_width
 *fill*         0x08001004        0xc 
 .text.menu_down
                0x08001010       0x38 C:\cygwin\tmp\ccod265M.ltrans1.ltrans.o
 *fill*         0x08001048        0x8 
 .text.gdisp_lld_control
                0x08001050      0x1bc C:\cygwin\tmp\ccod265M.ltrans1.ltrans.o
 *fill*         0x0800120c        0x4 
 .text.gdisp_lld_flush
                0x08001210       0xcc C:\cygwin\tmp\ccod265M.ltrans1.ltrans.o
                0x08001210                gdisp_lld_flush
 *fill*         0x080012dc        0x4 
 .text.gdisp_lld_init
                0x080012e0      0x174 C:\cygwin\tmp\ccod265M.ltrans1.ltrans.o
                0x080012e0                gdisp_lld_init
 *fill*         0x08001454        0xc 
 .text.startup.main
                0x08001460      0x288 C:\cygwin\tmp\ccod265M.ltrans1.ltrans.o
                0x08001460                main
 *fill*         0x080016e8        0x8 
 .text.SVC_Handler
                0x080016f0       0x14 C:\cygwin\tmp\ccod265M.ltrans2.ltrans.o
                0x080016f0                SVC_Handler
 *fill*         0x08001704        0xc 
 .text.chCoreAllocAligned
                0x08001710       0x40 C:\cygwin\tmp\ccod265M.ltrans2.ltrans.o
 .text.wakeup   0x08001750       0x70 C:\cygwin\tmp\ccod265M.ltrans2.ltrans.o
 .text._idle_thread
                0x080017c0        0x4 C:\cygwin\tmp\ccod265M.ltrans2.ltrans.o
 *fill*         0x080017c4        0xc 
 .text.chSchGoSleepS
                0x080017d0       0x28 C:\cygwin\tmp\ccod265M.ltrans2.ltrans.o
 *fill*         0x080017f8        0x8 
 .text.halInit  0x08001800      0x138 C:\cygwin\tmp\ccod265M.ltrans2.ltrans.o
                0x08001800                halInit
 *fill*         0x08001938        0x8 
 .text._port_irq_epilogue
                0x08001940       0x54 C:\cygwin\tmp\ccod265M.ltrans2.ltrans.o
                0x08001940                _port_irq_epilogue
 *fill*         0x08001994        0xc 
 .text.chSchDoRescheduleAhead
                0x080019a0       0x40 C:\cygwin\tmp\ccod265M.ltrans2.ltrans.o
                0x080019a0                chSchDoReschedule
 .text.chSchRescheduleS
                0x080019e0       0x18 C:\cygwin\tmp\ccod265M.ltrans2.ltrans.o
 *fill*         0x080019f8        0x8 
 .text.chThdSetPriority
                0x08001a00       0x30 C:\cygwin\tmp\ccod265M.ltrans2.ltrans.o
                0x08001a00                chThdSetPriority
 .text.chSchGoSleepTimeoutS
                0x08001a30      0x13c C:\cygwin\tmp\ccod265M.ltrans2.ltrans.o
                0x08001a30                chSchGoSleepTimeoutS
 *fill*         0x08001b6c        0x4 
 .text.chThdSleep
                0x08001b70       0x18 C:\cygwin\tmp\ccod265M.ltrans2.ltrans.o
                0x08001b70                chThdSleep
 *fill*         0x08001b88        0x8 
 .text.chSchReadyI
                0x08001b90       0x2c C:\cygwin\tmp\ccod265M.ltrans2.ltrans.o
                0x08001b90                chSchReadyI
 *fill*         0x08001bbc        0x4 
 .text.chMtxUnlock
                0x08001bc0       0x64 C:\cygwin\tmp\ccod265M.ltrans2.ltrans.o
                0x08001bc0                chMtxUnlock
 *fill*         0x08001c24        0xc 
 .text.chMtxLockS
                0x08001c30       0xc8 C:\cygwin\tmp\ccod265M.ltrans2.ltrans.o
                0x08001c30                chMtxLockS
 *fill*         0x08001cf8        0x8 
 .text.chHeapFree
                0x08001d00       0xa0 C:\cygwin\tmp\ccod265M.ltrans2.ltrans.o
                0x08001d00                chHeapFree
 .text.chThdExit
                0x08001da0       0x50 C:\cygwin\tmp\ccod265M.ltrans2.ltrans.o
                0x08001da0                chThdExit
 .text.chSysInit
                0x08001df0      0x188 C:\cygwin\tmp\ccod265M.ltrans2.ltrans.o
                0x08001df0                chSysInit
 *fill*         0x08001f78        0x8 
 .text._unhandled_exception
                0x08001f80        0x4 C:\cygwin\tmp\ccod265M.ltrans2.ltrans.o
                0x08001f80                Vector58
                0x08001f80                VectorE8
                0x08001f80                Vector9C
                0x08001f80                VectorAC
                0x08001f80                DebugMon_Handler
                0x08001f80                Vector5C
                0x08001f80                Vector11C
                0x08001f80                HardFault_Handler
                0x08001f80                Vector8C
                0x08001f80                SysTick_Handler
                0x08001f80                VectorDC
                0x08001f80                PendSV_Handler
                0x08001f80                NMI_Handler
                0x08001f80                Vector110
                0x08001f80                Vector120
                0x08001f80                Vector94
                0x08001f80                VectorA8
                0x08001f80                VectorB4
                0x08001f80                UsageFault_Handler
                0x08001f80                VectorEC
                0x08001f80                Vector40
                0x08001f80                VectorF8
                0x08001f80                Vector108
                0x08001f80                Vector150
                0x08001f80                Vector124
                0x08001f80                Vector148
                0x08001f80                Vector118
                0x08001f80                Vector64
                0x08001f80                VectorCC
                0x08001f80                Vector54
                0x08001f80                Vector98
                0x08001f80                VectorD8
                0x08001f80                Vector138
                0x08001f80                Vector24
                0x08001f80                VectorD0
                0x08001f80                Vector140
                0x08001f80                VectorE4
                0x08001f80                Vector158
                0x08001f80                Vector130
                0x08001f80                Vector134
                0x08001f80                VectorF0
                0x08001f80                Vector12C
                0x08001f80                Vector13C
                0x08001f80                Vector100
                0x08001f80                VectorE0
                0x08001f80                VectorF4
                0x08001f80                MemManage_Handler
                0x08001f80                VectorA0
                0x08001f80                Vector90
                0x08001f80                Vector114
                0x08001f80                Vector60
                0x08001f80                Vector1C
                0x08001f80                Vector48
                0x08001f80                VectorD4
                0x08001f80                Vector4C
                0x08001f80                Vector144
                0x08001f80                Vector15C
                0x08001f80                Vector68
                0x08001f80                _unhandled_exception
                0x08001f80                Vector88
                0x08001f80                Vector104
                0x08001f80                Vector10C
                0x08001f80                Vector14C
                0x08001f80                BusFault_Handler
                0x08001f80                Vector50
                0x08001f80                Vector154
                0x08001f80                Vector44
                0x08001f80                Vector28
                0x08001f80                VectorB8
                0x08001f80                VectorFC
                0x08001f80                Vector34
                0x08001f80                Vector128
                0x08001f80                VectorA4
                0x08001f80                Vector20
 *fill*         0x08001f84        0xc 
 .text.__init_ram_areas
                0x08001f90       0x64 C:\cygwin\tmp\ccod265M.ltrans2.ltrans.o
                0x08001f90                __init_ram_areas
 *fill*         0x08001ff4        0xc 
 .text.__default_exit
                0x08002000        0x4 C:\cygwin\tmp\ccod265M.ltrans2.ltrans.o
                0x08002000                __default_exit
 *fill*         0x08002004        0xc 
 .text.__late_init
                0x08002010        0x4 C:\cygwin\tmp\ccod265M.ltrans2.ltrans.o
                0x08002010                __late_init
 *fill*         0x08002014        0xc 
 .text.__core_init
                0x08002020        0x4 C:\cygwin\tmp\ccod265M.ltrans2.ltrans.o
                0x08002020                __core_init
 *fill*         0x08002024        0xc 
 .text.dmaStreamAllocate.constprop.25
                0x08002030       0xa4 C:\cygwin\tmp\ccod265M.ltrans3.ltrans.o
 *fill*         0x080020d4        0xc 
 .text.chHeapAllocAligned.constprop.27
                0x080020e0       0xf0 C:\cygwin\tmp\ccod265M.ltrans3.ltrans.o
                0x080020e0                chHeapAllocAligned.constprop.27
 .text.i2c_lld_start.constprop.24
                0x080021d0      0x15c C:\cygwin\tmp\ccod265M.ltrans3.ltrans.o
                0x080021d0                i2c_lld_start.constprop.24
 *fill*         0x0800232c        0x4 
 .text.i2cStop.constprop.20
                0x08002330       0x94 C:\cygwin\tmp\ccod265M.ltrans3.ltrans.o
                0x08002330                i2cStop.constprop.20
 *fill*         0x080023c4        0xc 
 .text.i2cMasterTransmitTimeout.constprop.18
                0x080023d0       0xcc C:\cygwin\tmp\ccod265M.ltrans3.ltrans.o
                0x080023d0                i2cMasterTransmitTimeout.constprop.18
 *fill*         0x0800249c        0x4 
 .text._pal_lld_setgroupmode.constprop.15
                0x080024a0       0x6c C:\cygwin\tmp\ccod265M.ltrans3.ltrans.o
                0x080024a0                _pal_lld_setgroupmode.constprop.15
 *fill*         0x0800250c        0x4 
 .text.menu_draw
                0x08002510      0x294 C:\cygwin\tmp\ccod265M.ltrans3.ltrans.o
                0x08002510                menu_draw
 *fill*         0x080027a4        0xc 
 .text.memset   0x080027b0       0x9c c:/cygwin/bin/../lib/gcc/arm-none-eabi/5.4.1/../../../../arm-none-eabi/lib/armv7-m\libg.a(lib_a-memset.o)
                0x080027b0                memset
 *(.glue_7t)
 .glue_7t       0x0800284c        0x0 linker stubs
 *(.glue_7)
 .glue_7        0x0800284c        0x0 linker stubs
 *(.gcc*)

.vfp11_veneer   0x0800284c        0x0
 .vfp11_veneer  0x0800284c        0x0 linker stubs

.v4_bx          0x0800284c        0x0
 .v4_bx         0x0800284c        0x0 linker stubs

.iplt           0x0800284c        0x0
 .iplt          0x0800284c        0x0 build/obj/crt0_v7m.o

.rodata         0x0800284c     0x188c
                0x0800284c                . = ALIGN (0x4)
                0x0800284c                __rodata_base__ = .
 *(.rodata)
 *(.rodata.*)
 .rodata.str1.4
                0x0800284c        0xc C:\cygwin\tmp\ccod265M.ltrans0.ltrans.o
 .rodata._stm32_dma_streams
                0x08002858       0x8c C:\cygwin\tmp\ccod265M.ltrans0.ltrans.o
                0x08002858                _stm32_dma_streams
 .rodata.i2cconfig
                0x080028e4        0xc C:\cygwin\tmp\ccod265M.ltrans1.ltrans.o
 .rodata.str1.4
                0x080028f0       0xfb C:\cygwin\tmp\ccod265M.ltrans1.ltrans.o
 *fill*         0x080029eb        0x1 
 .rodata.GDISPVMT_OnlyOne
                0x080029ec       0x60 C:\cygwin\tmp\ccod265M.ltrans1.ltrans.o
 .rodata.ch_debug
                0x08002a4c       0x16 C:\cygwin\tmp\ccod265M.ltrans2.ltrans.o
 *fill*         0x08002a62        0x2 
 .rodata.str1.4
                0x08002a64        0x5 C:\cygwin\tmp\ccod265M.ltrans2.ltrans.o
 *fill*         0x08002a69        0x3 
 .rodata.ram_areas
                0x08002a6c       0x80 C:\cygwin\tmp\ccod265M.ltrans2.ltrans.o
 .rodata.mf_rlefont_php6ySCWY_glyph_data_0
                0x08002aec      0x5b4 C:\cygwin\tmp\ccod265M.ltrans3.ltrans.o
 .rodata.mf_rlefont_php6ySCWY_glyph_data_1
                0x080030a0      0x53d C:\cygwin\tmp\ccod265M.ltrans3.ltrans.o
 *fill*         0x080035dd        0x3 
 .rodata.mf_rlefont_php6ySCWY_glyph_data_2
                0x080035e0       0x11 C:\cygwin\tmp\ccod265M.ltrans3.ltrans.o
 *fill*         0x080035f1        0x3 
 .rodata.mf_rlefont_php6ySCWY_glyph_data_3
                0x080035f4       0x10 C:\cygwin\tmp\ccod265M.ltrans3.ltrans.o
 .rodata.mf_rlefont_php6ySCWY_glyph_data_4
                0x08003604      0x448 C:\cygwin\tmp\ccod265M.ltrans3.ltrans.o
 .rodata.mf_rlefont_php6ySCWY_glyph_data_5
                0x08003a4c       0x9f C:\cygwin\tmp\ccod265M.ltrans3.ltrans.o
 *fill*         0x08003aeb        0x1 
 .rodata.mf_rlefont_php6ySCWY_glyph_data_6
                0x08003aec       0x32 C:\cygwin\tmp\ccod265M.ltrans3.ltrans.o
 *fill*         0x08003b1e        0x2 
 .rodata.mf_rlefont_php6ySCWY_dictionary_data
                0x08003b20      0x160 C:\cygwin\tmp\ccod265M.ltrans3.ltrans.o
 .rodata.mf_rlefont_php6ySCWY_glyph_offsets_5
                0x08003c80       0x50 C:\cygwin\tmp\ccod265M.ltrans3.ltrans.o
 .rodata.mf_rlefont_php6ySCWY_glyph_offsets_0
                0x08003cd0       0xbe C:\cygwin\tmp\ccod265M.ltrans3.ltrans.o
 *fill*         0x08003d8e        0x2 
 .rodata.mf_rlefont_php6ySCWY_glyph_offsets_1
                0x08003d90       0xc0 C:\cygwin\tmp\ccod265M.ltrans3.ltrans.o
 .rodata.mf_rlefont_php6ySCWY_glyph_offsets_2
                0x08003e50        0x2 C:\cygwin\tmp\ccod265M.ltrans3.ltrans.o
 *fill*         0x08003e52        0x2 
 .rodata.mf_rlefont_php6ySCWY_glyph_offsets_3
                0x08003e54        0x2 C:\cygwin\tmp\ccod265M.ltrans3.ltrans.o
 *fill*         0x08003e56        0x2 
 .rodata.mf_rlefont_php6ySCWY_glyph_offsets_4
                0x08003e58       0xa2 C:\cygwin\tmp\ccod265M.ltrans3.ltrans.o
 *fill*         0x08003efa        0x2 
 .rodata.mf_rlefont_php6ySCWY_listentry
                0x08003efc        0x8 C:\cygwin\tmp\ccod265M.ltrans3.ltrans.o
 .rodata.mf_rlefont_php6ySCWY_glyph_offsets_6
                0x08003f04       0x1a C:\cygwin\tmp\ccod265M.ltrans3.ltrans.o
 *fill*         0x08003f1e        0x2 
 .rodata.cfgtab.6602
                0x08003f20       0x12 C:\cygwin\tmp\ccod265M.ltrans3.ltrans.o
 *fill*         0x08003f32        0x2 
 .rodata.mf_rlefont_php6ySCWY_char_ranges
                0x08003f34       0x54 C:\cygwin\tmp\ccod265M.ltrans3.ltrans.o
 .rodata.mf_rlefont_php6ySCWY_dictionary_offsets
                0x08003f88      0x114 C:\cygwin\tmp\ccod265M.ltrans3.ltrans.o
 .rodata.mf_rlefont_php6ySCWY
                0x0800409c       0x30 C:\cygwin\tmp\ccod265M.ltrans3.ltrans.o
 .rodata.str1.4
                0x080040cc        0xc C:\cygwin\tmp\ccod265M.ltrans3.ltrans.o
                                 0x22 (size before relaxing)
                0x080040d8                . = ALIGN (0x4)
                0x080040d8                __rodata_end__ = .

.rel.dyn        0x080040d8        0x0
 .rel.iplt      0x080040d8        0x0 build/obj/crt0_v7m.o

.ARM.extab
 *(.ARM.extab* .gnu.linkonce.armextab.*)

.ARM.exidx      0x080040d8        0x0
                0x080040d8                __exidx_start = .
 *(.ARM.exidx* .gnu.linkonce.armexidx.*)
                0x080040d8                __exidx_end = .

.eh_frame_hdr
 *(.eh_frame_hdr)

.eh_frame
 *(.eh_frame)
                0x20000000                __ram0_start__ = ORIGIN (ram0)
                0x00005000                __ram0_size__ = LENGTH (ram0)
                0x20005000                __ram0_end__ = (__ram0_start__ + __ram0_size__)
                0x00000000                __ram1_start__ = ORIGIN (ram1)
                0x00000000                __ram1_size__ = LENGTH (ram1)
                0x00000000                __ram1_end__ = (__ram1_start__ + __ram1_size__)
                0x00000000                __ram2_start__ = ORIGIN (ram2)
                0x00000000                __ram2_size__ = LENGTH (ram2)
                0x00000000                __ram2_end__ = (__ram2_start__ + __ram2_size__)
                0x00000000                __ram3_start__ = ORIGIN (ram3)
                0x00000000                __ram3_size__ = LENGTH (ram3)
                0x00000000                __ram3_end__ = (__ram3_start__ + __ram3_size__)
                0x00000000                __ram4_start__ = ORIGIN (ram4)
                0x00000000                __ram4_size__ = LENGTH (ram4)
                0x00000000                __ram4_end__ = (__ram4_start__ + __ram4_size__)
                0x00000000                __ram5_start__ = ORIGIN (ram5)
                0x00000000                __ram5_size__ = LENGTH (ram5)
                0x00000000                __ram5_end__ = (__ram5_start__ + __ram5_size__)
                0x00000000                __ram6_start__ = ORIGIN (ram6)
                0x00000000                __ram6_size__ = LENGTH (ram6)
                0x00000000                __ram6_end__ = (__ram6_start__ + __ram6_size__)
                0x00000000                __ram7_start__ = ORIGIN (ram7)
                0x00000000                __ram7_size__ = LENGTH (ram7)
                0x00000000                __ram7_end__ = (__ram7_start__ + __ram7_size__)

.data           0x20000800        0x0 load address 0x080040d8
                0x20000800                . = ALIGN (0x4)
                [!provide]                PROVIDE (_textdata, LOADADDR (.data))
                [!provide]                PROVIDE (_data, .)
                0x080040d8                _textdata_start = LOADADDR (.data)
                0x20000800                _data_start = .
 *(.data)
 *(.data.*)
 *(.ramtext)
                0x20000800                . = ALIGN (0x4)
                [!provide]                PROVIDE (_edata, .)
                0x20000800                _data_end = .

.igot.plt       0x20000800        0x0 load address 0x080040d8
 .igot.plt      0x20000800        0x0 build/obj/crt0_v7m.o

.bss            0x20000800      0x23c load address 0x080040d8
                0x20000800                . = ALIGN (0x4)
                0x20000800                _bss_start = .
 *(.bss)
 *(.bss.*)
 .bss.thdPriority
                0x20000800        0x4 C:\cygwin\tmp\ccod265M.ltrans1.ltrans.o
 .bss.dtail     0x20000804        0x4 C:\cygwin\tmp\ccod265M.ltrans1.ltrans.o
 .bss.dhead.lto_priv.39
                0x20000808        0x4 C:\cygwin\tmp\ccod265M.ltrans1.ltrans.o
                0x20000808                dhead.lto_priv.39
 .bss.gfxInitDone
                0x2000080c        0x1 C:\cygwin\tmp\ccod265M.ltrans1.ltrans.o
 *fill*         0x2000080d        0x3 
 .bss.endmem    0x20000810        0x4 C:\cygwin\tmp\ccod265M.ltrans2.ltrans.o
 *fill*         0x20000814        0x4 
 .bss.ch_idle_thread_wa
                0x20000818       0xd8 C:\cygwin\tmp\ccod265M.ltrans2.ltrans.o
 .bss.nextmem   0x200008f0        0x4 C:\cygwin\tmp\ccod265M.ltrans2.ltrans.o
 *fill*         0x200008f4        0x4 
 .bss.default_heap.lto_priv.41
                0x200008f8       0x20 C:\cygwin\tmp\ccod265M.ltrans3.ltrans.o
                0x200008f8                default_heap.lto_priv.41
 .bss.ch        0x20000918       0x70 C:\cygwin\tmp\ccod265M.ltrans3.ltrans.o
                0x20000918                ch
 .bss.I2CD2     0x20000988       0x38 C:\cygwin\tmp\ccod265M.ltrans3.ltrans.o
                0x20000988                I2CD2
 .bss._stm32_dma_isr_redir
                0x200009c0       0x38 C:\cygwin\tmp\ccod265M.ltrans3.ltrans.o
                0x200009c0                _stm32_dma_isr_redir
 .bss.dma_streams_mask.lto_priv.40
                0x200009f8        0x4 C:\cygwin\tmp\ccod265M.ltrans3.ltrans.o
                0x200009f8                dma_streams_mask.lto_priv.40
 .bss.GDISP     0x200009fc        0x4 C:\cygwin\tmp\ccod265M.ltrans3.ltrans.o
                0x200009fc                GDISP
 .bss.fontList  0x20000a00        0x4 C:\cygwin\tmp\ccod265M.ltrans3.ltrans.o
 .bss.I2CD1     0x20000a04       0x38 C:\cygwin\tmp\ccod265M.ltrans3.ltrans.o
                0x20000a04                I2CD1
 *(COMMON)
                0x20000a3c                . = ALIGN (0x4)
                0x20000a3c                _bss_end = .
                [!provide]                PROVIDE (end, .)

.ram0_init      0x20000a3c        0x0 load address 0x080040d8
                0x20000a3c                . = ALIGN (0x4)
                0x080040d8                __ram0_init_text__ = LOADADDR (.ram0_init)
                0x20000a3c                __ram0_init__ = .
 *(.ram0_init)
 *(.ram0_init.*)
                0x20000a3c                . = ALIGN (0x4)

.ram0           0x20000a3c        0x0 load address 0x080040d8
                0x20000a3c                . = ALIGN (0x4)
                0x20000a3c                __ram0_clear__ = .
 *(.ram0_clear)
 *(.ram0_clear.*)
                0x20000a3c                . = ALIGN (0x4)
                0x20000a3c                __ram0_noinit__ = .
 *(.ram0)
 *(.ram0.*)
                0x20000a3c                . = ALIGN (0x4)
                0x20000a3c                __ram0_free__ = .

.ram1_init      0x00000000        0x0 load address 0x080040d8
                0x00000000                . = ALIGN (0x4)
                0x080040d8                __ram1_init_text__ = LOADADDR (.ram1_init)
                0x00000000                __ram1_init__ = .
 *(.ram1_init)
 *(.ram1_init.*)
                0x00000000                . = ALIGN (0x4)

.ram1           0x00000000        0x0 load address 0x080040d8
                0x00000000                . = ALIGN (0x4)
                0x00000000                __ram1_clear__ = .
 *(.ram1_clear)
 *(.ram1_clear.*)
                0x00000000                . = ALIGN (0x4)
                0x00000000                __ram1_noinit__ = .
 *(.ram1)
 *(.ram1.*)
                0x00000000                . = ALIGN (0x4)
                0x00000000                __ram1_free__ = .

.ram2_init      0x00000000        0x0 load address 0x080040d8
                0x00000000                . = ALIGN (0x4)
                0x080040d8                __ram2_init_text__ = LOADADDR (.ram2_init)
                0x00000000                __ram2_init__ = .
 *(.ram2_init)
 *(.ram2_init.*)
                0x00000000                . = ALIGN (0x4)

.ram2           0x00000000        0x0 load address 0x080040d8
                0x00000000                . = ALIGN (0x4)
                0x00000000                __ram2_clear__ = .
 *(.ram2_clear)
 *(.ram2_clear.*)
                0x00000000                . = ALIGN (0x4)
                0x00000000                __ram2_noinit__ = .
 *(.ram2)
 *(.ram2.*)
                0x00000000                . = ALIGN (0x4)
                0x00000000                __ram2_free__ = .

.ram3_init      0x00000000        0x0 load address 0x080040d8
                0x00000000                . = ALIGN (0x4)
                0x080040d8                __ram3_init_text__ = LOADADDR (.ram3_init)
                0x00000000                __ram3_init__ = .
 *(.ram3_init)
 *(.ram3_init.*)
                0x00000000                . = ALIGN (0x4)

.ram3           0x00000000        0x0 load address 0x080040d8
                0x00000000                . = ALIGN (0x4)
                0x00000000                __ram3_clear__ = .
 *(.ram3_clear)
 *(.ram3_clear.*)
                0x00000000                . = ALIGN (0x4)
                0x00000000                __ram3_noinit__ = .
 *(.ram3)
 *(.ram3.*)
                0x00000000                . = ALIGN (0x4)
                0x00000000                __ram3_free__ = .

.ram4_init      0x00000000        0x0 load address 0x080040d8
                0x00000000                . = ALIGN (0x4)
                0x080040d8                __ram4_init_text__ = LOADADDR (.ram4_init)
                0x00000000                __ram4_init__ = .
 *(.ram4_init)
 *(.ram4_init.*)
                0x00000000                . = ALIGN (0x4)

.ram4           0x00000000        0x0 load address 0x080040d8
                0x00000000                . = ALIGN (0x4)
                0x00000000                __ram4_clear__ = .
 *(.ram4_clear)
 *(.ram4_clear.*)
                0x00000000                . = ALIGN (0x4)
                0x00000000                __ram4_noinit__ = .
 *(.ram4)
 *(.ram4.*)
                0x00000000                . = ALIGN (0x4)
                0x00000000                __ram4_free__ = .

.ram5_init      0x00000000        0x0 load address 0x080040d8
                0x00000000                . = ALIGN (0x4)
                0x080040d8                __ram5_init_text__ = LOADADDR (.ram5_init)
                0x00000000                __ram5_init__ = .
 *(.ram5_init)
 *(.ram5_init.*)
                0x00000000                . = ALIGN (0x4)

.ram5           0x00000000        0x0 load address 0x080040d8
                0x00000000                . = ALIGN (0x4)
                0x00000000                __ram5_clear__ = .
 *(.ram5_clear)
 *(.ram5_clear.*)
                0x00000000                . = ALIGN (0x4)
                0x00000000                __ram5_noinit__ = .
 *(.ram5)
 *(.ram5.*)
                0x00000000                . = ALIGN (0x4)
                0x00000000                __ram5_free__ = .

.ram6_init      0x00000000        0x0 load address 0x080040d8
                0x00000000                . = ALIGN (0x4)
                0x080040d8                __ram6_init_text__ = LOADADDR (.ram6_init)
                0x00000000                __ram6_init__ = .
 *(.ram6_init)
 *(.ram6_init.*)
                0x00000000                . = ALIGN (0x4)

.ram6           0x00000000        0x0 load address 0x080040d8
                0x00000000                . = ALIGN (0x4)
                0x00000000                __ram6_clear__ = .
 *(.ram6_clear)
 *(.ram6_clear.*)
                0x00000000                . = ALIGN (0x4)
                0x00000000                __ram6_noinit__ = .
 *(.ram6)
 *(.ram6.*)
                0x00000000                . = ALIGN (0x4)
                0x00000000                __ram6_free__ = .

.ram7_init      0x00000000        0x0 load address 0x080040d8
                0x00000000                . = ALIGN (0x4)
                0x080040d8                __ram7_init_text__ = LOADADDR (.ram7_init)
                0x00000000                __ram7_init__ = .
 *(.ram7_init)
 *(.ram7_init.*)
                0x00000000                . = ALIGN (0x4)

.ram7           0x00000000        0x0 load address 0x080040d8
                0x00000000                . = ALIGN (0x4)
                0x00000000                __ram7_clear__ = .
 *(.ram7_clear)
 *(.ram7_clear.*)
                0x00000000                . = ALIGN (0x4)
                0x00000000                __ram7_noinit__ = .
 *(.ram7)
 *(.ram7.*)
                0x00000000                . = ALIGN (0x4)
                0x00000000                __ram7_free__ = .

.heap           0x20000a3c     0x45c4
                0x20000a40                . = ALIGN (0x8)
 *fill*         0x20000a3c        0x4 
                0x20000a40                __heap_base__ = .
                0x20005000                . = (ORIGIN (HEAP_RAM) + LENGTH (HEAP_RAM))
 *fill*         0x20000a40     0x45c0 
                0x20005000                __heap_end__ = .
                0x00000400                __process_stack_size__ = 0x400
                0x00000400                __main_stack_size__ = 0x400
START GROUP
LOAD c:/cygwin/bin/../lib/gcc/arm-none-eabi/5.4.1/armv7-m\libgcc.a
LOAD c:/cygwin/bin/../lib/gcc/arm-none-eabi/5.4.1/../../../../arm-none-eabi/lib/armv7-m\libg.a
LOAD c:/cygwin/bin/../lib/gcc/arm-none-eabi/5.4.1/../../../../arm-none-eabi/lib/armv7-m\libc.a
END GROUP
OUTPUT(build/STM32_ChibiOS_uGFX_UC1601s_RDX0154.elf elf32-littlearm)

.ARM.attributes
                0x00000000       0x2f
 .ARM.attributes
                0x00000000       0x21 build/obj/crt0_v7m.o
 .ARM.attributes
                0x00000021       0x21 build/obj/chcoreasm_v7m.o
 .ARM.attributes
                0x00000042       0x31 C:\cygwin\tmp\ccod265M.ltrans0.ltrans.o
 .ARM.attributes
                0x00000073       0x31 C:\cygwin\tmp\ccod265M.ltrans1.ltrans.o
 .ARM.attributes
                0x000000a4       0x31 C:\cygwin\tmp\ccod265M.ltrans2.ltrans.o
 .ARM.attributes
                0x000000d5       0x31 C:\cygwin\tmp\ccod265M.ltrans3.ltrans.o
 .ARM.attributes
                0x00000106       0x2d c:/cygwin/bin/../lib/gcc/arm-none-eabi/5.4.1/../../../../arm-none-eabi/lib/armv7-m\libg.a(lib_a-memset.o)

.comment        0x00000000       0x6e
 .comment       0x00000000       0x6e C:\cygwin\tmp\ccod265M.ltrans0.ltrans.o
                                 0x6f (size before relaxing)
 .comment       0x0000006e       0x6f C:\cygwin\tmp\ccod265M.ltrans1.ltrans.o
 .comment       0x0000006e       0x6f C:\cygwin\tmp\ccod265M.ltrans2.ltrans.o
 .comment       0x0000006e       0x6f C:\cygwin\tmp\ccod265M.ltrans3.ltrans.o

.debug_info     0x00000000     0xb082
 .debug_info    0x00000000     0x2e22 C:\cygwin\tmp\ccod265M.ltrans0.ltrans.o
 .debug_info    0x00002e22     0x30e0 C:\cygwin\tmp\ccod265M.ltrans1.ltrans.o
 .debug_info    0x00005f02     0x2633 C:\cygwin\tmp\ccod265M.ltrans2.ltrans.o
 .debug_info    0x00008535     0x2b4d C:\cygwin\tmp\ccod265M.ltrans3.ltrans.o

.debug_abbrev   0x00000000     0x1640
 .debug_abbrev  0x00000000      0x659 C:\cygwin\tmp\ccod265M.ltrans0.ltrans.o
 .debug_abbrev  0x00000659      0x56a C:\cygwin\tmp\ccod265M.ltrans1.ltrans.o
 .debug_abbrev  0x00000bc3      0x59f C:\cygwin\tmp\ccod265M.ltrans2.ltrans.o
 .debug_abbrev  0x00001162      0x4de C:\cygwin\tmp\ccod265M.ltrans3.ltrans.o

.debug_loc      0x00000000     0x3f79
 .debug_loc     0x00000000     0x18d1 C:\cygwin\tmp\ccod265M.ltrans0.ltrans.o
 .debug_loc     0x000018d1      0xac6 C:\cygwin\tmp\ccod265M.ltrans1.ltrans.o
 .debug_loc     0x00002397      0xd28 C:\cygwin\tmp\ccod265M.ltrans2.ltrans.o
 .debug_loc     0x000030bf      0xeba C:\cygwin\tmp\ccod265M.ltrans3.ltrans.o

.debug_aranges  0x00000000      0x288
 .debug_aranges
                0x00000000      0x110 C:\cygwin\tmp\ccod265M.ltrans0.ltrans.o
 .debug_aranges
                0x00000110       0x60 C:\cygwin\tmp\ccod265M.ltrans1.ltrans.o
 .debug_aranges
                0x00000170       0xc8 C:\cygwin\tmp\ccod265M.ltrans2.ltrans.o
 .debug_aranges
                0x00000238       0x50 C:\cygwin\tmp\ccod265M.ltrans3.ltrans.o

.debug_ranges   0x00000000     0x1180
 .debug_ranges  0x00000000      0x480 C:\cygwin\tmp\ccod265M.ltrans0.ltrans.o
 .debug_ranges  0x00000480      0x300 C:\cygwin\tmp\ccod265M.ltrans1.ltrans.o
 .debug_ranges  0x00000780      0x6a0 C:\cygwin\tmp\ccod265M.ltrans2.ltrans.o
 .debug_ranges  0x00000e20      0x360 C:\cygwin\tmp\ccod265M.ltrans3.ltrans.o

.debug_line     0x00000000     0x2e5c
 .debug_line    0x00000000      0xc78 C:\cygwin\tmp\ccod265M.ltrans0.ltrans.o
 .debug_line    0x00000c78      0xa9d C:\cygwin\tmp\ccod265M.ltrans1.ltrans.o
 .debug_line    0x00001715      0xcc2 C:\cygwin\tmp\ccod265M.ltrans2.ltrans.o
 .debug_line    0x000023d7      0xa85 C:\cygwin\tmp\ccod265M.ltrans3.ltrans.o

.debug_str      0x00000000     0x25e9
 .debug_str     0x00000000     0x1044 C:\cygwin\tmp\ccod265M.ltrans0.ltrans.o
                               0x1195 (size before relaxing)
 .debug_str     0x00001044      0x4e2 C:\cygwin\tmp\ccod265M.ltrans1.ltrans.o
                                0xf13 (size before relaxing)
 .debug_str     0x00001526      0x8f9 C:\cygwin\tmp\ccod265M.ltrans2.ltrans.o
                                0xf5e (size before relaxing)
 .debug_str     0x00001e1f      0x7ca C:\cygwin\tmp\ccod265M.ltrans3.ltrans.o
                               0x1387 (size before relaxing)

.debug_frame    0x00000000      0x918
 .debug_frame   0x00000000      0x410 C:\cygwin\tmp\ccod265M.ltrans0.ltrans.o
 .debug_frame   0x00000410      0x154 C:\cygwin\tmp\ccod265M.ltrans1.ltrans.o
 .debug_frame   0x00000564      0x274 C:\cygwin\tmp\ccod265M.ltrans2.ltrans.o
 .debug_frame   0x000007d8      0x10c C:\cygwin\tmp\ccod265M.ltrans3.ltrans.o
 .debug_frame   0x000008e4       0x34 c:/cygwin/bin/../lib/gcc/arm-none-eabi/5.4.1/../../../../arm-none-eabi/lib/armv7-m\libg.a(lib_a-memset.o)

Cross Reference Table

Symbol                                            File
BusFault_Handler                                  C:\cygwin\tmp\ccod265M.ltrans2.ltrans.o
                                                  build/obj/vectors.o (symbol from plugin)
                                                  C:\cygwin\tmp\ccod265M.ltrans0.ltrans.o
DebugMon_Handler                                  C:\cygwin\tmp\ccod265M.ltrans2.ltrans.o
                                                  build/obj/vectors.o (symbol from plugin)
                                                  C:\cygwin\tmp\ccod265M.ltrans0.ltrans.o
GDISP                                             C:\cygwin\tmp\ccod265M.ltrans3.ltrans.o
                                                  build/obj/gdisp.o (symbol from plugin)
                                                  C:\cygwin\tmp\ccod265M.ltrans0.ltrans.o
                                                  build/obj/menu.o (symbol from plugin)
GDISPVMT_OnlyOne                                  build/obj/gdisp_lld_UC1601s.o (symbol from plugin)
                                                  build/obj/gdisp.o (symbol from plugin)
HardFault_Handler                                 C:\cygwin\tmp\ccod265M.ltrans2.ltrans.o
                                                  build/obj/vectors.o (symbol from plugin)
                                                  C:\cygwin\tmp\ccod265M.ltrans0.ltrans.o
I2CD1                                             C:\cygwin\tmp\ccod265M.ltrans3.ltrans.o
                                                  build/obj/hal_i2c_lld.o (symbol from plugin)
                                                  C:\cygwin\tmp\ccod265M.ltrans1.ltrans.o
                                                  C:\cygwin\tmp\ccod265M.ltrans0.ltrans.o
                                                  build/obj/gdisp_lld_UC1601s.o (symbol from plugin)
I2CD2                                             C:\cygwin\tmp\ccod265M.ltrans3.ltrans.o
                                                  build/obj/hal_i2c_lld.o (symbol from plugin)
                                                  C:\cygwin\tmp\ccod265M.ltrans0.ltrans.o
MemManage_Handler                                 C:\cygwin\tmp\ccod265M.ltrans2.ltrans.o
                                                  build/obj/vectors.o (symbol from plugin)
                                                  C:\cygwin\tmp\ccod265M.ltrans0.ltrans.o
NMI_Handler                                       C:\cygwin\tmp\ccod265M.ltrans2.ltrans.o
                                                  build/obj/vectors.o (symbol from plugin)
                                                  C:\cygwin\tmp\ccod265M.ltrans0.ltrans.o
PendSV_Handler                                    C:\cygwin\tmp\ccod265M.ltrans2.ltrans.o
                                                  build/obj/vectors.o (symbol from plugin)
                                                  C:\cygwin\tmp\ccod265M.ltrans0.ltrans.o
Reset_Handler                                     build/obj/crt0_v7m.o
                                                  C:\cygwin\tmp\ccod265M.ltrans0.ltrans.o
                                                  build/obj/vectors.o (symbol from plugin)
SVC_Handler                                       C:\cygwin\tmp\ccod265M.ltrans2.ltrans.o
                                                  build/obj/chcore_v7m.o (symbol from plugin)
                                                  build/obj/vectors.o (symbol from plugin)
                                                  C:\cygwin\tmp\ccod265M.ltrans0.ltrans.o
SysTick_Handler                                   C:\cygwin\tmp\ccod265M.ltrans2.ltrans.o
                                                  build/obj/vectors.o (symbol from plugin)
                                                  C:\cygwin\tmp\ccod265M.ltrans0.ltrans.o
SystemCoreClock                                   build/obj/hal_lld.o (symbol from plugin)
UsageFault_Handler                                C:\cygwin\tmp\ccod265M.ltrans2.ltrans.o
                                                  build/obj/vectors.o (symbol from plugin)
                                                  C:\cygwin\tmp\ccod265M.ltrans0.ltrans.o
Vector100                                         C:\cygwin\tmp\ccod265M.ltrans2.ltrans.o
                                                  build/obj/vectors.o (symbol from plugin)
                                                  C:\cygwin\tmp\ccod265M.ltrans0.ltrans.o
Vector104                                         C:\cygwin\tmp\ccod265M.ltrans2.ltrans.o
                                                  build/obj/vectors.o (symbol from plugin)
                                                  C:\cygwin\tmp\ccod265M.ltrans0.ltrans.o
Vector108                                         C:\cygwin\tmp\ccod265M.ltrans2.ltrans.o
                                                  build/obj/vectors.o (symbol from plugin)
                                                  C:\cygwin\tmp\ccod265M.ltrans0.ltrans.o
Vector10C                                         C:\cygwin\tmp\ccod265M.ltrans2.ltrans.o
                                                  build/obj/vectors.o (symbol from plugin)
                                                  C:\cygwin\tmp\ccod265M.ltrans0.ltrans.o
Vector110                                         C:\cygwin\tmp\ccod265M.ltrans2.ltrans.o
                                                  build/obj/vectors.o (symbol from plugin)
                                                  C:\cygwin\tmp\ccod265M.ltrans0.ltrans.o
Vector114                                         C:\cygwin\tmp\ccod265M.ltrans2.ltrans.o
                                                  build/obj/vectors.o (symbol from plugin)
                                                  C:\cygwin\tmp\ccod265M.ltrans0.ltrans.o
Vector118                                         C:\cygwin\tmp\ccod265M.ltrans2.ltrans.o
                                                  build/obj/vectors.o (symbol from plugin)
                                                  C:\cygwin\tmp\ccod265M.ltrans0.ltrans.o
Vector11C                                         C:\cygwin\tmp\ccod265M.ltrans2.ltrans.o
                                                  build/obj/vectors.o (symbol from plugin)
                                                  C:\cygwin\tmp\ccod265M.ltrans0.ltrans.o
Vector120                                         C:\cygwin\tmp\ccod265M.ltrans2.ltrans.o
                                                  build/obj/vectors.o (symbol from plugin)
                                                  C:\cygwin\tmp\ccod265M.ltrans0.ltrans.o
Vector124                                         C:\cygwin\tmp\ccod265M.ltrans2.ltrans.o
                                                  build/obj/vectors.o (symbol from plugin)
                                                  C:\cygwin\tmp\ccod265M.ltrans0.ltrans.o
Vector128                                         C:\cygwin\tmp\ccod265M.ltrans2.ltrans.o
                                                  build/obj/vectors.o (symbol from plugin)
                                                  C:\cygwin\tmp\ccod265M.ltrans0.ltrans.o
Vector12C                                         C:\cygwin\tmp\ccod265M.ltrans2.ltrans.o
                                                  build/obj/vectors.o (symbol from plugin)
                                                  C:\cygwin\tmp\ccod265M.ltrans0.ltrans.o
Vector130                                         C:\cygwin\tmp\ccod265M.ltrans2.ltrans.o
                                                  build/obj/vectors.o (symbol from plugin)
                                                  C:\cygwin\tmp\ccod265M.ltrans0.ltrans.o
Vector134                                         C:\cygwin\tmp\ccod265M.ltrans2.ltrans.o
                                                  build/obj/vectors.o (symbol from plugin)
                                                  C:\cygwin\tmp\ccod265M.ltrans0.ltrans.o
Vector138                                         C:\cygwin\tmp\ccod265M.ltrans2.ltrans.o
                                                  build/obj/vectors.o (symbol from plugin)
                                                  C:\cygwin\tmp\ccod265M.ltrans0.ltrans.o
Vector13C                                         C:\cygwin\tmp\ccod265M.ltrans2.ltrans.o
                                                  build/obj/vectors.o (symbol from plugin)
                                                  C:\cygwin\tmp\ccod265M.ltrans0.ltrans.o
Vector140                                         C:\cygwin\tmp\ccod265M.ltrans2.ltrans.o
                                                  build/obj/vectors.o (symbol from plugin)
                                                  C:\cygwin\tmp\ccod265M.ltrans0.ltrans.o
Vector144                                         C:\cygwin\tmp\ccod265M.ltrans2.ltrans.o
                                                  build/obj/vectors.o (symbol from plugin)
                                                  C:\cygwin\tmp\ccod265M.ltrans0.ltrans.o
Vector148                                         C:\cygwin\tmp\ccod265M.ltrans2.ltrans.o
                                                  build/obj/vectors.o (symbol from plugin)
                                                  C:\cygwin\tmp\ccod265M.ltrans0.ltrans.o
Vector14C                                         C:\cygwin\tmp\ccod265M.ltrans2.ltrans.o
                                                  build/obj/vectors.o (symbol from plugin)
                                                  C:\cygwin\tmp\ccod265M.ltrans0.ltrans.o
Vector150                                         C:\cygwin\tmp\ccod265M.ltrans2.ltrans.o
                                                  build/obj/vectors.o (symbol from plugin)
                                                  C:\cygwin\tmp\ccod265M.ltrans0.ltrans.o
Vector154                                         C:\cygwin\tmp\ccod265M.ltrans2.ltrans.o
                                                  build/obj/vectors.o (symbol from plugin)
                                                  C:\cygwin\tmp\ccod265M.ltrans0.ltrans.o
Vector158                                         C:\cygwin\tmp\ccod265M.ltrans2.ltrans.o
                                                  build/obj/vectors.o (symbol from plugin)
                                                  C:\cygwin\tmp\ccod265M.ltrans0.ltrans.o
Vector15C                                         C:\cygwin\tmp\ccod265M.ltrans2.ltrans.o
                                                  build/obj/vectors.o (symbol from plugin)
                                                  C:\cygwin\tmp\ccod265M.ltrans0.ltrans.o
Vector1C                                          C:\cygwin\tmp\ccod265M.ltrans2.ltrans.o
                                                  build/obj/vectors.o (symbol from plugin)
                                                  C:\cygwin\tmp\ccod265M.ltrans0.ltrans.o
Vector20                                          C:\cygwin\tmp\ccod265M.ltrans2.ltrans.o
                                                  build/obj/vectors.o (symbol from plugin)
                                                  C:\cygwin\tmp\ccod265M.ltrans0.ltrans.o
Vector24                                          C:\cygwin\tmp\ccod265M.ltrans2.ltrans.o
                                                  build/obj/vectors.o (symbol from plugin)
                                                  C:\cygwin\tmp\ccod265M.ltrans0.ltrans.o
Vector28                                          C:\cygwin\tmp\ccod265M.ltrans2.ltrans.o
                                                  build/obj/vectors.o (symbol from plugin)
                                                  C:\cygwin\tmp\ccod265M.ltrans0.ltrans.o
Vector34                                          C:\cygwin\tmp\ccod265M.ltrans2.ltrans.o
                                                  build/obj/vectors.o (symbol from plugin)
                                                  C:\cygwin\tmp\ccod265M.ltrans0.ltrans.o
Vector40                                          C:\cygwin\tmp\ccod265M.ltrans2.ltrans.o
                                                  build/obj/vectors.o (symbol from plugin)
                                                  C:\cygwin\tmp\ccod265M.ltrans0.ltrans.o
Vector44                                          C:\cygwin\tmp\ccod265M.ltrans2.ltrans.o
                                                  build/obj/vectors.o (symbol from plugin)
                                                  C:\cygwin\tmp\ccod265M.ltrans0.ltrans.o
Vector48                                          C:\cygwin\tmp\ccod265M.ltrans2.ltrans.o
                                                  build/obj/vectors.o (symbol from plugin)
                                                  C:\cygwin\tmp\ccod265M.ltrans0.ltrans.o
Vector4C                                          C:\cygwin\tmp\ccod265M.ltrans2.ltrans.o
                                                  build/obj/vectors.o (symbol from plugin)
                                                  C:\cygwin\tmp\ccod265M.ltrans0.ltrans.o
Vector50                                          C:\cygwin\tmp\ccod265M.ltrans2.ltrans.o
                                                  build/obj/vectors.o (symbol from plugin)
                                                  C:\cygwin\tmp\ccod265M.ltrans0.ltrans.o
Vector54                                          C:\cygwin\tmp\ccod265M.ltrans2.ltrans.o
                                                  build/obj/vectors.o (symbol from plugin)
                                                  C:\cygwin\tmp\ccod265M.ltrans0.ltrans.o
Vector58                                          C:\cygwin\tmp\ccod265M.ltrans2.ltrans.o
                                                  build/obj/vectors.o (symbol from plugin)
                                                  C:\cygwin\tmp\ccod265M.ltrans0.ltrans.o
Vector5C                                          C:\cygwin\tmp\ccod265M.ltrans2.ltrans.o
                                                  build/obj/vectors.o (symbol from plugin)
                                                  C:\cygwin\tmp\ccod265M.ltrans0.ltrans.o
Vector60                                          C:\cygwin\tmp\ccod265M.ltrans2.ltrans.o
                                                  build/obj/vectors.o (symbol from plugin)
                                                  C:\cygwin\tmp\ccod265M.ltrans0.ltrans.o
Vector64                                          C:\cygwin\tmp\ccod265M.ltrans2.ltrans.o
                                                  build/obj/vectors.o (symbol from plugin)
                                                  C:\cygwin\tmp\ccod265M.ltrans0.ltrans.o
Vector68                                          C:\cygwin\tmp\ccod265M.ltrans2.ltrans.o
                                                  build/obj/vectors.o (symbol from plugin)
                                                  C:\cygwin\tmp\ccod265M.ltrans0.ltrans.o
Vector6C                                          build/obj/stm32_dma.o (symbol from plugin)
                                                  build/obj/vectors.o (symbol from plugin)
Vector70                                          build/obj/stm32_dma.o (symbol from plugin)
                                                  build/obj/vectors.o (symbol from plugin)
Vector74                                          build/obj/stm32_dma.o (symbol from plugin)
                                                  build/obj/vectors.o (symbol from plugin)
Vector78                                          build/obj/stm32_dma.o (symbol from plugin)
                                                  build/obj/vectors.o (symbol from plugin)
Vector7C                                          build/obj/stm32_dma.o (symbol from plugin)
                                                  build/obj/vectors.o (symbol from plugin)
Vector80                                          build/obj/stm32_dma.o (symbol from plugin)
                                                  build/obj/vectors.o (symbol from plugin)
Vector84                                          build/obj/stm32_dma.o (symbol from plugin)
                                                  build/obj/vectors.o (symbol from plugin)
Vector88                                          C:\cygwin\tmp\ccod265M.ltrans2.ltrans.o
                                                  build/obj/vectors.o (symbol from plugin)
                                                  C:\cygwin\tmp\ccod265M.ltrans0.ltrans.o
Vector8C                                          C:\cygwin\tmp\ccod265M.ltrans2.ltrans.o
                                                  build/obj/vectors.o (symbol from plugin)
                                                  C:\cygwin\tmp\ccod265M.ltrans0.ltrans.o
Vector90                                          C:\cygwin\tmp\ccod265M.ltrans2.ltrans.o
                                                  build/obj/vectors.o (symbol from plugin)
                                                  C:\cygwin\tmp\ccod265M.ltrans0.ltrans.o
Vector94                                          C:\cygwin\tmp\ccod265M.ltrans2.ltrans.o
                                                  build/obj/vectors.o (symbol from plugin)
                                                  C:\cygwin\tmp\ccod265M.ltrans0.ltrans.o
Vector98                                          C:\cygwin\tmp\ccod265M.ltrans2.ltrans.o
                                                  build/obj/vectors.o (symbol from plugin)
                                                  C:\cygwin\tmp\ccod265M.ltrans0.ltrans.o
Vector9C                                          C:\cygwin\tmp\ccod265M.ltrans2.ltrans.o
                                                  build/obj/vectors.o (symbol from plugin)
                                                  C:\cygwin\tmp\ccod265M.ltrans0.ltrans.o
VectorA0                                          C:\cygwin\tmp\ccod265M.ltrans2.ltrans.o
                                                  build/obj/vectors.o (symbol from plugin)
                                                  C:\cygwin\tmp\ccod265M.ltrans0.ltrans.o
VectorA4                                          C:\cygwin\tmp\ccod265M.ltrans2.ltrans.o
                                                  build/obj/vectors.o (symbol from plugin)
                                                  C:\cygwin\tmp\ccod265M.ltrans0.ltrans.o
VectorA8                                          C:\cygwin\tmp\ccod265M.ltrans2.ltrans.o
                                                  build/obj/vectors.o (symbol from plugin)
                                                  C:\cygwin\tmp\ccod265M.ltrans0.ltrans.o
VectorAC                                          C:\cygwin\tmp\ccod265M.ltrans2.ltrans.o
                                                  build/obj/vectors.o (symbol from plugin)
                                                  C:\cygwin\tmp\ccod265M.ltrans0.ltrans.o
VectorB0                                          build/obj/hal_st_lld.o (symbol from plugin)
                                                  build/obj/vectors.o (symbol from plugin)
VectorB4                                          C:\cygwin\tmp\ccod265M.ltrans2.ltrans.o
                                                  build/obj/vectors.o (symbol from plugin)
                                                  C:\cygwin\tmp\ccod265M.ltrans0.ltrans.o
VectorB8                                          C:\cygwin\tmp\ccod265M.ltrans2.ltrans.o
                                                  build/obj/vectors.o (symbol from plugin)
                                                  C:\cygwin\tmp\ccod265M.ltrans0.ltrans.o
VectorBC                                          build/obj/hal_i2c_lld.o (symbol from plugin)
                                                  build/obj/vectors.o (symbol from plugin)
VectorC0                                          build/obj/hal_i2c_lld.o (symbol from plugin)
                                                  build/obj/vectors.o (symbol from plugin)
VectorC4                                          build/obj/hal_i2c_lld.o (symbol from plugin)
                                                  build/obj/vectors.o (symbol from plugin)
VectorC8                                          build/obj/hal_i2c_lld.o (symbol from plugin)
                                                  build/obj/vectors.o (symbol from plugin)
VectorCC                                          C:\cygwin\tmp\ccod265M.ltrans2.ltrans.o
                                                  build/obj/vectors.o (symbol from plugin)
                                                  C:\cygwin\tmp\ccod265M.ltrans0.ltrans.o
VectorD0                                          C:\cygwin\tmp\ccod265M.ltrans2.ltrans.o
                                                  build/obj/vectors.o (symbol from plugin)
                                                  C:\cygwin\tmp\ccod265M.ltrans0.ltrans.o
VectorD4                                          C:\cygwin\tmp\ccod265M.ltrans2.ltrans.o
                                                  build/obj/vectors.o (symbol from plugin)
                                                  C:\cygwin\tmp\ccod265M.ltrans0.ltrans.o
VectorD8                                          C:\cygwin\tmp\ccod265M.ltrans2.ltrans.o
                                                  build/obj/vectors.o (symbol from plugin)
                                                  C:\cygwin\tmp\ccod265M.ltrans0.ltrans.o
VectorDC                                          C:\cygwin\tmp\ccod265M.ltrans2.ltrans.o
                                                  build/obj/vectors.o (symbol from plugin)
                                                  C:\cygwin\tmp\ccod265M.ltrans0.ltrans.o
VectorE0                                          C:\cygwin\tmp\ccod265M.ltrans2.ltrans.o
                                                  build/obj/vectors.o (symbol from plugin)
                                                  C:\cygwin\tmp\ccod265M.ltrans0.ltrans.o
VectorE4                                          C:\cygwin\tmp\ccod265M.ltrans2.ltrans.o
                                                  build/obj/vectors.o (symbol from plugin)
                                                  C:\cygwin\tmp\ccod265M.ltrans0.ltrans.o
VectorE8                                          C:\cygwin\tmp\ccod265M.ltrans2.ltrans.o
                                                  build/obj/vectors.o (symbol from plugin)
                                                  C:\cygwin\tmp\ccod265M.ltrans0.ltrans.o
VectorEC                                          C:\cygwin\tmp\ccod265M.ltrans2.ltrans.o
                                                  build/obj/vectors.o (symbol from plugin)
                                                  C:\cygwin\tmp\ccod265M.ltrans0.ltrans.o
VectorF0                                          C:\cygwin\tmp\ccod265M.ltrans2.ltrans.o
                                                  build/obj/vectors.o (symbol from plugin)
                                                  C:\cygwin\tmp\ccod265M.ltrans0.ltrans.o
VectorF4                                          C:\cygwin\tmp\ccod265M.ltrans2.ltrans.o
                                                  build/obj/vectors.o (symbol from plugin)
                                                  C:\cygwin\tmp\ccod265M.ltrans0.ltrans.o
VectorF8                                          C:\cygwin\tmp\ccod265M.ltrans2.ltrans.o
                                                  build/obj/vectors.o (symbol from plugin)
                                                  C:\cygwin\tmp\ccod265M.ltrans0.ltrans.o
VectorFC                                          C:\cygwin\tmp\ccod265M.ltrans2.ltrans.o
                                                  build/obj/vectors.o (symbol from plugin)
                                                  C:\cygwin\tmp\ccod265M.ltrans0.ltrans.o
__core_init                                       C:\cygwin\tmp\ccod265M.ltrans2.ltrans.o
                                                  build/obj/crt1.o (symbol from plugin)
                                                  build/obj/crt0_v7m.o
__default_exit                                    C:\cygwin\tmp\ccod265M.ltrans2.ltrans.o
                                                  build/obj/crt1.o (symbol from plugin)
                                                  build/obj/crt0_v7m.o
__early_init                                      C:\cygwin\tmp\ccod265M.ltrans0.ltrans.o
                                                  build/obj/board.o (symbol from plugin)
                                                  build/obj/crt1.o (symbol from plugin)
                                                  build/obj/crt0_v7m.o
__fini_array_end                                  build/obj/crt0_v7m.o
__fini_array_start                                build/obj/crt0_v7m.o
__heap_base__                                     C:\cygwin\tmp\ccod265M.ltrans2.ltrans.o
                                                  build/obj/chmemcore.o (symbol from plugin)
__heap_end__                                      C:\cygwin\tmp\ccod265M.ltrans2.ltrans.o
                                                  build/obj/chmemcore.o (symbol from plugin)
__init_array_end                                  build/obj/crt0_v7m.o
__init_array_start                                build/obj/crt0_v7m.o
__init_ram_areas                                  C:\cygwin\tmp\ccod265M.ltrans2.ltrans.o
                                                  build/obj/crt1.o (symbol from plugin)
                                                  build/obj/crt0_v7m.o
__late_init                                       C:\cygwin\tmp\ccod265M.ltrans2.ltrans.o
                                                  build/obj/crt1.o (symbol from plugin)
                                                  build/obj/crt0_v7m.o
__main_stack_base__                               build/obj/crt0_v7m.o
__main_stack_end__                                C:\cygwin\tmp\ccod265M.ltrans0.ltrans.o
                                                  build/obj/vectors.o (symbol from plugin)
                                                  build/obj/crt0_v7m.o
__process_stack_base__                            build/obj/crt0_v7m.o
__process_stack_end__                             build/obj/crt0_v7m.o
__ram0_clear__                                    C:\cygwin\tmp\ccod265M.ltrans2.ltrans.o
                                                  build/obj/crt1.o (symbol from plugin)
__ram0_init__                                     C:\cygwin\tmp\ccod265M.ltrans2.ltrans.o
                                                  build/obj/crt1.o (symbol from plugin)
__ram0_init_text__                                C:\cygwin\tmp\ccod265M.ltrans2.ltrans.o
                                                  build/obj/crt1.o (symbol from plugin)
__ram0_noinit__                                   C:\cygwin\tmp\ccod265M.ltrans2.ltrans.o
                                                  build/obj/crt1.o (symbol from plugin)
__ram1_clear__                                    C:\cygwin\tmp\ccod265M.ltrans2.ltrans.o
                                                  build/obj/crt1.o (symbol from plugin)
__ram1_init__                                     C:\cygwin\tmp\ccod265M.ltrans2.ltrans.o
                                                  build/obj/crt1.o (symbol from plugin)
__ram1_init_text__                                C:\cygwin\tmp\ccod265M.ltrans2.ltrans.o
                                                  build/obj/crt1.o (symbol from plugin)
__ram1_noinit__                                   C:\cygwin\tmp\ccod265M.ltrans2.ltrans.o
                                                  build/obj/crt1.o (symbol from plugin)
__ram2_clear__                                    C:\cygwin\tmp\ccod265M.ltrans2.ltrans.o
                                                  build/obj/crt1.o (symbol from plugin)
__ram2_init__                                     C:\cygwin\tmp\ccod265M.ltrans2.ltrans.o
                                                  build/obj/crt1.o (symbol from plugin)
__ram2_init_text__                                C:\cygwin\tmp\ccod265M.ltrans2.ltrans.o
                                                  build/obj/crt1.o (symbol from plugin)
__ram2_noinit__                                   C:\cygwin\tmp\ccod265M.ltrans2.ltrans.o
                                                  build/obj/crt1.o (symbol from plugin)
__ram3_clear__                                    C:\cygwin\tmp\ccod265M.ltrans2.ltrans.o
                                                  build/obj/crt1.o (symbol from plugin)
__ram3_init__                                     C:\cygwin\tmp\ccod265M.ltrans2.ltrans.o
                                                  build/obj/crt1.o (symbol from plugin)
__ram3_init_text__                                C:\cygwin\tmp\ccod265M.ltrans2.ltrans.o
                                                  build/obj/crt1.o (symbol from plugin)
__ram3_noinit__                                   C:\cygwin\tmp\ccod265M.ltrans2.ltrans.o
                                                  build/obj/crt1.o (symbol from plugin)
__ram4_clear__                                    C:\cygwin\tmp\ccod265M.ltrans2.ltrans.o
                                                  build/obj/crt1.o (symbol from plugin)
__ram4_init__                                     C:\cygwin\tmp\ccod265M.ltrans2.ltrans.o
                                                  build/obj/crt1.o (symbol from plugin)
__ram4_init_text__                                C:\cygwin\tmp\ccod265M.ltrans2.ltrans.o
                                                  build/obj/crt1.o (symbol from plugin)
__ram4_noinit__                                   C:\cygwin\tmp\ccod265M.ltrans2.ltrans.o
                                                  build/obj/crt1.o (symbol from plugin)
__ram5_clear__                                    C:\cygwin\tmp\ccod265M.ltrans2.ltrans.o
                                                  build/obj/crt1.o (symbol from plugin)
__ram5_init__                                     C:\cygwin\tmp\ccod265M.ltrans2.ltrans.o
                                                  build/obj/crt1.o (symbol from plugin)
__ram5_init_text__                                C:\cygwin\tmp\ccod265M.ltrans2.ltrans.o
                                                  build/obj/crt1.o (symbol from plugin)
__ram5_noinit__                                   C:\cygwin\tmp\ccod265M.ltrans2.ltrans.o
                                                  build/obj/crt1.o (symbol from plugin)
__ram6_clear__                                    C:\cygwin\tmp\ccod265M.ltrans2.ltrans.o
                                                  build/obj/crt1.o (symbol from plugin)
__ram6_init__                                     C:\cygwin\tmp\ccod265M.ltrans2.ltrans.o
                                                  build/obj/crt1.o (symbol from plugin)
__ram6_init_text__                                C:\cygwin\tmp\ccod265M.ltrans2.ltrans.o
                                                  build/obj/crt1.o (symbol from plugin)
__ram6_noinit__                                   C:\cygwin\tmp\ccod265M.ltrans2.ltrans.o
                                                  build/obj/crt1.o (symbol from plugin)
__ram7_clear__                                    C:\cygwin\tmp\ccod265M.ltrans2.ltrans.o
                                                  build/obj/crt1.o (symbol from plugin)
__ram7_init__                                     C:\cygwin\tmp\ccod265M.ltrans2.ltrans.o
                                                  build/obj/crt1.o (symbol from plugin)
__ram7_init_text__                                C:\cygwin\tmp\ccod265M.ltrans2.ltrans.o
                                                  build/obj/crt1.o (symbol from plugin)
__ram7_noinit__                                   C:\cygwin\tmp\ccod265M.ltrans2.ltrans.o
                                                  build/obj/crt1.o (symbol from plugin)
_bss_end                                          build/obj/crt0_v7m.o
_bss_start                                        build/obj/crt0_v7m.o
_core_init                                        build/obj/chmemcore.o (symbol from plugin)
                                                  build/obj/chsys.o (symbol from plugin)
_data_end                                         build/obj/crt0_v7m.o
_data_start                                       build/obj/crt0_v7m.o
_gdispDeInitDriver                                C:\cygwin\tmp\ccod265M.ltrans0.ltrans.o
                                                  build/obj/gdisp.o (symbol from plugin)
                                                  C:\cygwin\tmp\ccod265M.ltrans1.ltrans.o
                                                  build/obj/gdisp_lld_UC1601s.o (symbol from plugin)
_gdispDeinit                                      build/obj/gdisp.o (symbol from plugin)
                                                  build/obj/gfx.o (symbol from plugin)
_gdispInit                                        build/obj/gdisp.o (symbol from plugin)
                                                  build/obj/gfx.o (symbol from plugin)
_gdispInitDriver                                  C:\cygwin\tmp\ccod265M.ltrans0.ltrans.o
                                                  build/obj/gdisp.o (symbol from plugin)
                                                  C:\cygwin\tmp\ccod265M.ltrans1.ltrans.o
                                                  build/obj/gdisp_lld_UC1601s.o (symbol from plugin)
_gdispPostInitDriver                              C:\cygwin\tmp\ccod265M.ltrans0.ltrans.o
                                                  build/obj/gdisp.o (symbol from plugin)
                                                  C:\cygwin\tmp\ccod265M.ltrans1.ltrans.o
                                                  build/obj/gdisp_lld_UC1601s.o (symbol from plugin)
_gdriverDeinit                                    build/obj/gdriver.o (symbol from plugin)
                                                  build/obj/gfx.o (symbol from plugin)
_gdriverInit                                      build/obj/gdriver.o (symbol from plugin)
                                                  build/obj/gfx.o (symbol from plugin)
_gosDeinit                                        build/obj/gos_chibios.o (symbol from plugin)
                                                  build/obj/gfx.o (symbol from plugin)
_gosInit                                          build/obj/gos_chibios.o (symbol from plugin)
                                                  build/obj/gfx.o (symbol from plugin)
_heap_init                                        build/obj/chheap.o (symbol from plugin)
                                                  build/obj/chsys.o (symbol from plugin)
_pal_lld_init                                     build/obj/hal_pal_lld.o (symbol from plugin)
                                                  build/obj/hal.o (symbol from plugin)
_pal_lld_setgroupmode                             build/obj/hal_pal_lld.o (symbol from plugin)
                                                  build/obj/gdisp_lld_UC1601s.o (symbol from plugin)
                                                  build/obj/hal_pal.o (symbol from plugin)
_pal_lld_setgroupmode.constprop.15                C:\cygwin\tmp\ccod265M.ltrans3.ltrans.o
                                                  C:\cygwin\tmp\ccod265M.ltrans1.ltrans.o
_port_exit_from_isr                               build/obj/chcoreasm_v7m.o
                                                  C:\cygwin\tmp\ccod265M.ltrans2.ltrans.o
                                                  build/obj/chcore_v7m.o (symbol from plugin)
_port_irq_epilogue                                C:\cygwin\tmp\ccod265M.ltrans2.ltrans.o
                                                  build/obj/chcore_v7m.o (symbol from plugin)
                                                  C:\cygwin\tmp\ccod265M.ltrans0.ltrans.o
                                                  build/obj/hal_i2c_lld.o (symbol from plugin)
                                                  build/obj/hal_st_lld.o (symbol from plugin)
                                                  build/obj/stm32_dma.o (symbol from plugin)
_port_switch                                      build/obj/chcoreasm_v7m.o
                                                  C:\cygwin\tmp\ccod265M.ltrans2.ltrans.o
                                                  build/obj/chschd.o (symbol from plugin)
_port_switch_from_isr                             build/obj/chcoreasm_v7m.o
                                                  C:\cygwin\tmp\ccod265M.ltrans2.ltrans.o
                                                  build/obj/chcore_v7m.o (symbol from plugin)
_port_thread_start                                build/obj/chcoreasm_v7m.o
                                                  C:\cygwin\tmp\ccod265M.ltrans2.ltrans.o
                                                  build/obj/chthreads.o (symbol from plugin)
_scheduler_init                                   build/obj/chschd.o (symbol from plugin)
                                                  build/obj/chsys.o (symbol from plugin)
_stm32_dma_isr_redir                              C:\cygwin\tmp\ccod265M.ltrans3.ltrans.o
                                                  build/obj/stm32_dma.o (symbol from plugin)
                                                  C:\cygwin\tmp\ccod265M.ltrans2.ltrans.o
                                                  C:\cygwin\tmp\ccod265M.ltrans0.ltrans.o
_stm32_dma_streams                                C:\cygwin\tmp\ccod265M.ltrans0.ltrans.o
                                                  build/obj/stm32_dma.o (symbol from plugin)
                                                  C:\cygwin\tmp\ccod265M.ltrans2.ltrans.o
                                                  build/obj/hal_i2c_lld.o (symbol from plugin)
_textdata_start                                   build/obj/crt0_v7m.o
_thread_init                                      build/obj/chthreads.o (symbol from plugin)
                                                  build/obj/chsys.o (symbol from plugin)
_unhandled_exception                              C:\cygwin\tmp\ccod265M.ltrans2.ltrans.o
                                                  build/obj/vectors.o (symbol from plugin)
_vectors                                          C:\cygwin\tmp\ccod265M.ltrans0.ltrans.o
                                                  build/obj/vectors.o (symbol from plugin)
                                                  build/obj/crt0_v7m.o
_vt_init                                          build/obj/chvt.o (symbol from plugin)
                                                  build/obj/chsys.o (symbol from plugin)
boardInit                                         build/obj/board.o (symbol from plugin)
                                                  build/obj/hal.o (symbol from plugin)
ch                                                C:\cygwin\tmp\ccod265M.ltrans3.ltrans.o
                                                  build/obj/chschd.o (symbol from plugin)
                                                  C:\cygwin\tmp\ccod265M.ltrans2.ltrans.o
                                                  C:\cygwin\tmp\ccod265M.ltrans1.ltrans.o
                                                  C:\cygwin\tmp\ccod265M.ltrans0.ltrans.o
                                                  build/obj/gdisp_lld_UC1601s.o (symbol from plugin)
                                                  build/obj/gos_chibios.o (symbol from plugin)
                                                  build/obj/chmsg.o (symbol from plugin)
                                                  build/obj/chevents.o (symbol from plugin)
                                                  build/obj/chcond.o (symbol from plugin)
                                                  build/obj/chmtx.o (symbol from plugin)
                                                  build/obj/chsem.o (symbol from plugin)
                                                  build/obj/chregistry.o (symbol from plugin)
                                                  build/obj/chthreads.o (symbol from plugin)
                                                  build/obj/chvt.o (symbol from plugin)
                                                  build/obj/chsys.o (symbol from plugin)
chCondBroadcast                                   build/obj/chcond.o (symbol from plugin)
chCondBroadcastI                                  build/obj/chcond.o (symbol from plugin)
chCondObjectInit                                  build/obj/chcond.o (symbol from plugin)
chCondSignal                                      build/obj/chcond.o (symbol from plugin)
chCondSignalI                                     build/obj/chcond.o (symbol from plugin)
chCondWait                                        build/obj/chcond.o (symbol from plugin)
chCondWaitS                                       build/obj/chcond.o (symbol from plugin)
chCondWaitTimeout                                 build/obj/chcond.o (symbol from plugin)
chCondWaitTimeoutS                                build/obj/chcond.o (symbol from plugin)
chCoreAllocAligned                                build/obj/chmemcore.o (symbol from plugin)
                                                  build/obj/chheap.o (symbol from plugin)
chCoreAllocAlignedI                               build/obj/chmemcore.o (symbol from plugin)
chCoreGetStatusX                                  build/obj/chmemcore.o (symbol from plugin)
chEvtAddEvents                                    build/obj/chevents.o (symbol from plugin)
chEvtBroadcastFlags                               build/obj/chevents.o (symbol from plugin)
chEvtBroadcastFlagsI                              build/obj/chevents.o (symbol from plugin)
chEvtDispatch                                     build/obj/chevents.o (symbol from plugin)
chEvtGetAndClearEvents                            build/obj/chevents.o (symbol from plugin)
chEvtGetAndClearFlags                             build/obj/chevents.o (symbol from plugin)
chEvtGetAndClearFlagsI                            build/obj/chevents.o (symbol from plugin)
chEvtRegisterMaskWithFlags                        build/obj/chevents.o (symbol from plugin)
chEvtSignal                                       build/obj/chevents.o (symbol from plugin)
chEvtSignalI                                      build/obj/chevents.o (symbol from plugin)
chEvtUnregister                                   build/obj/chevents.o (symbol from plugin)
chEvtWaitAll                                      build/obj/chevents.o (symbol from plugin)
chEvtWaitAllTimeout                               build/obj/chevents.o (symbol from plugin)
chEvtWaitAny                                      build/obj/chevents.o (symbol from plugin)
chEvtWaitAnyTimeout                               build/obj/chevents.o (symbol from plugin)
chEvtWaitOne                                      build/obj/chevents.o (symbol from plugin)
chEvtWaitOneTimeout                               build/obj/chevents.o (symbol from plugin)
chGuardedPoolAllocTimeout                         build/obj/chmempools.o (symbol from plugin)
chGuardedPoolAllocTimeoutS                        build/obj/chmempools.o (symbol from plugin)
chGuardedPoolFree                                 build/obj/chmempools.o (symbol from plugin)
chGuardedPoolFreeI                                build/obj/chmempools.o (symbol from plugin)
chGuardedPoolLoadArray                            build/obj/chmempools.o (symbol from plugin)
chGuardedPoolObjectInit                           build/obj/chmempools.o (symbol from plugin)
chHeapAllocAligned                                build/obj/chheap.o (symbol from plugin)
                                                  build/obj/gdisp_lld_UC1601s.o (symbol from plugin)
                                                  build/obj/gdisp_fonts.o (symbol from plugin)
                                                  build/obj/gdriver.o (symbol from plugin)
                                                  build/obj/gos_chibios.o (symbol from plugin)
                                                  build/obj/chdynamic.o (symbol from plugin)
chHeapAllocAligned.constprop.27                   C:\cygwin\tmp\ccod265M.ltrans3.ltrans.o
                                                  C:\cygwin\tmp\ccod265M.ltrans1.ltrans.o
chHeapFree                                        C:\cygwin\tmp\ccod265M.ltrans2.ltrans.o
                                                  build/obj/chheap.o (symbol from plugin)
                                                  C:\cygwin\tmp\ccod265M.ltrans3.ltrans.o
                                                  C:\cygwin\tmp\ccod265M.ltrans1.ltrans.o
                                                  build/obj/gdisp_fonts.o (symbol from plugin)
                                                  build/obj/gdriver.o (symbol from plugin)
                                                  build/obj/chthreads.o (symbol from plugin)
chHeapObjectInit                                  build/obj/chheap.o (symbol from plugin)
chHeapStatus                                      build/obj/chheap.o (symbol from plugin)
chMBFetch                                         build/obj/chmboxes.o (symbol from plugin)
chMBFetchI                                        build/obj/chmboxes.o (symbol from plugin)
chMBFetchS                                        build/obj/chmboxes.o (symbol from plugin)
chMBObjectInit                                    build/obj/chmboxes.o (symbol from plugin)
chMBPost                                          build/obj/chmboxes.o (symbol from plugin)
chMBPostAhead                                     build/obj/chmboxes.o (symbol from plugin)
chMBPostAheadI                                    build/obj/chmboxes.o (symbol from plugin)
chMBPostAheadS                                    build/obj/chmboxes.o (symbol from plugin)
chMBPostI                                         build/obj/chmboxes.o (symbol from plugin)
chMBPostS                                         build/obj/chmboxes.o (symbol from plugin)
chMBReset                                         build/obj/chmboxes.o (symbol from plugin)
chMBResetI                                        build/obj/chmboxes.o (symbol from plugin)
chMsgRelease                                      build/obj/chmsg.o (symbol from plugin)
chMsgSend                                         build/obj/chmsg.o (symbol from plugin)
chMsgWait                                         build/obj/chmsg.o (symbol from plugin)
chMtxLock                                         build/obj/chmtx.o (symbol from plugin)
                                                  build/obj/hal_i2c.o (symbol from plugin)
                                                  build/obj/chheap.o (symbol from plugin)
chMtxLockS                                        C:\cygwin\tmp\ccod265M.ltrans2.ltrans.o
                                                  build/obj/chmtx.o (symbol from plugin)
                                                  C:\cygwin\tmp\ccod265M.ltrans3.ltrans.o
                                                  C:\cygwin\tmp\ccod265M.ltrans1.ltrans.o
                                                  build/obj/chcond.o (symbol from plugin)
chMtxObjectInit                                   build/obj/chmtx.o (symbol from plugin)
                                                  build/obj/hal_i2c.o (symbol from plugin)
                                                  build/obj/chheap.o (symbol from plugin)
chMtxTryLock                                      build/obj/chmtx.o (symbol from plugin)
chMtxTryLockS                                     build/obj/chmtx.o (symbol from plugin)
chMtxUnlock                                       C:\cygwin\tmp\ccod265M.ltrans2.ltrans.o
                                                  build/obj/chmtx.o (symbol from plugin)
                                                  C:\cygwin\tmp\ccod265M.ltrans3.ltrans.o
                                                  C:\cygwin\tmp\ccod265M.ltrans1.ltrans.o
                                                  build/obj/hal_i2c.o (symbol from plugin)
                                                  build/obj/chheap.o (symbol from plugin)
chMtxUnlockAll                                    build/obj/chmtx.o (symbol from plugin)
chMtxUnlockAllS                                   build/obj/chmtx.o (symbol from plugin)
chMtxUnlockS                                      build/obj/chmtx.o (symbol from plugin)
                                                  build/obj/chcond.o (symbol from plugin)
chPoolAlloc                                       build/obj/chmempools.o (symbol from plugin)
                                                  build/obj/chdynamic.o (symbol from plugin)
chPoolAllocI                                      build/obj/chmempools.o (symbol from plugin)
chPoolFree                                        build/obj/chmempools.o (symbol from plugin)
                                                  build/obj/chthreads.o (symbol from plugin)
chPoolFreeI                                       build/obj/chmempools.o (symbol from plugin)
chPoolLoadArray                                   build/obj/chmempools.o (symbol from plugin)
chPoolObjectInit                                  build/obj/chmempools.o (symbol from plugin)
chRegFindThreadByName                             build/obj/chregistry.o (symbol from plugin)
chRegFindThreadByPointer                          build/obj/chregistry.o (symbol from plugin)
chRegFindThreadByWorkingArea                      build/obj/chregistry.o (symbol from plugin)
chRegFirstThread                                  build/obj/chregistry.o (symbol from plugin)
chRegNextThread                                   build/obj/chregistry.o (symbol from plugin)
chSchDoReschedule                                 C:\cygwin\tmp\ccod265M.ltrans2.ltrans.o
                                                  build/obj/chschd.o (symbol from plugin)
                                                  build/obj/chcoreasm_v7m.o
chSchDoRescheduleAhead                            build/obj/chschd.o (symbol from plugin)